// Jest Snapshot v1, https://goo.gl/fbAQLP

exports[`Snapshot test for SpellCard 1`] = `
Array [
  <a
    className="ui violet card"
    href={undefined}
    onBlur={[Function]}
    onClick={[Function]}
    onFocus={[Function]}
    onMouseEnter={[Function]}
    onMouseLeave={[Function]}
>
    <div
        className="content"
    >
        <img
            alt={undefined}
            className="ui mini left floated image"
            height={undefined}
            src="firespell.jpg"
            width={undefined}
        />
        <div
            className="header"
        >
            Fire Bolt
        </div>
        <div
            className="meta"
        >
            6th level Destruc...
        </div>
    </div>
</a>,
  <a
    className="ui violet card"
    href={undefined}
    onBlur={[Function]}
    onClick={[Function]}
    onFocus={[Function]}
    onMouseEnter={[Function]}
    onMouseLeave={[Function]}
>
    <div
        className="content"
    >
        <img
            alt={undefined}
            className="ui mini left floated image"
            height={undefined}
            src="firespell.jpg"
            width={undefined}
        />
        <div
            className="header"
        >
            Ice Bolt
        </div>
        <div
            className="meta"
        >
            1st level Destruc...
        </div>
    </div>
</a>,
  <a
    className="ui violet card"
    href={undefined}
    onBlur={[Function]}
    onClick={[Function]}
    onFocus={[Function]}
    onMouseEnter={[Function]}
    onMouseLeave={[Function]}
>
    <div
        className="content"
    >
        <img
            alt={undefined}
            className="ui mini left floated image"
            height={undefined}
            src="firespell.jpg"
            width={undefined}
        />
        <div
            className="header"
        >
            Lightning Bolt
        </div>
        <div
            className="meta"
        >
            Destruction cantrip
        </div>
    </div>
</a>,
]
`;
